../Core/Src/main.c:95:5:main	8	static
../Core/Src/main.c:181:6:SystemClock_Config	88	static
../Core/Src/main.c:231:13:MX_USART3_UART_Init	8	static
../Core/Src/main.c:266:13:MX_USB_OTG_FS_PCD_Init	8	static
../Core/Src/main.c:301:13:MX_GPIO_Init	56	static
../Core/Src/main.c:390:6:StartDefaultTask	16	static
../Core/Src/main.c:408:6:StartTask02	16	static
../Core/Src/main.c:427:6:StartTask03	16	static
../Core/Src/main.c:447:6:HAL_TIM_PeriodElapsedCallback	16	static
../Core/Src/main.c:464:6:Error_Handler	8	static,ignoring_inline_asm
