../Drivers/CMSIS/Include/core_cm7.h:2606:26:ITM_SendChar	16	static,ignoring_inline_asm
../Core/Src/main.c:73:6:tmc2209_readWriteArray	24	static
../Core/Src/main.c:86:9:tmc2209_CRC8	16	static
../Core/Src/main.c:91:13:periodicJob	16	static
../Core/Src/main.c:99:16:reset	8	static
../Core/Src/main.c:107:16:restore	8	static
../Core/Src/main.c:113:6:TMC2209_INIT	16	static
../Core/Src/main.c:130:5:main	16	static
../Core/Src/main.c:187:6:SystemClock_Config	88	static
../Core/Src/main.c:237:13:MX_USART2_UART_Init	8	static
../Core/Src/main.c:272:13:MX_USART3_UART_Init	8	static
../Core/Src/main.c:307:13:MX_USB_OTG_FS_PCD_Init	8	static
../Core/Src/main.c:342:13:MX_GPIO_Init	56	static
../Core/Src/main.c:421:5:_write	32	static
../Core/Src/main.c:436:6:Error_Handler	4	static,ignoring_inline_asm
