main.c:91:6:HAL_GPIO_EXTI_Callback	16	static
main.c:105:6:Step0	8	static
main.c:115:6:Dir0	16	static
main.c:119:6:resetStepperInfo	16	static
main.c:131:6:resetStepper	16	static
main.c:143:6:prepareMovement	24	static
main.c:161:6:prepareAbsoluteMovement	24	static
main.c:176:6:setNextInterruptInterval	24	static
main.c:200:6:HAL_TIM_OC_DelayElapsedCallback	32	static
main.c:265:6:sensorStateInit	8	static
main.c:271:6:runAndWait	8	static
main.c:276:6:stepperHoming	16	static
main.c:312:5:main	8	static
main.c:375:6:SystemClock_Config	88	static
main.c:426:13:MX_TIM1_Init	112	static
main.c:505:13:MX_GPIO_Init	40	static
main.c:543:6:Error_Handler	4	static,ignoring_inline_asm
