main.c:91:6:HAL_GPIO_EXTI_Callback	16	static
main.c:105:6:Step0	8	static
main.c:115:6:Dir0	16	static
main.c:119:6:resetStepperInfo	16	static
main.c:131:6:resetStepper	16	static
main.c:143:6:prepareMovement	24	static
main.c:161:6:prepareAbsoluteMovement	24	static
main.c:176:6:setNextInterruptInterval	24	static
main.c:199:6:HAL_TIM_OC_DelayElapsedCallback	32	static
main.c:260:6:sensorStateInit	8	static
main.c:266:6:runAndWait	8	static
main.c:271:6:stepperHoming	16	static
main.c:307:5:main	8	static
main.c:370:6:SystemClock_Config	88	static
main.c:421:13:MX_TIM1_Init	112	static
main.c:500:13:MX_GPIO_Init	32	static
main.c:527:6:Error_Handler	4	static,ignoring_inline_asm
