main.c:87:6:HAL_GPIO_EXTI_Callback	16	static
main.c:100:6:Step0	8	static
main.c:111:6:Dir0	16	static
main.c:116:6:resetStepperInfo	16	static
main.c:128:6:resetStepper	16	static
main.c:140:6:prepareMovement	24	static
main.c:149:6:prepareAbsoluteMovement	48	static
main.c:165:6:setNextInterruptInterval	24	static
main.c:188:6:HAL_TIM_OC_DelayElapsedCallback	40	static
main.c:249:6:sensorStateInit	8	static
main.c:255:6:runAndWait	8	static
main.c:260:6:stepperHoming	16	static
main.c:290:5:main	8	static
main.c:357:6:SystemClock_Config	88	static
main.c:408:13:MX_TIM1_Init	112	static
main.c:487:13:MX_GPIO_Init	32	static
main.c:524:6:Error_Handler	4	static,ignoring_inline_asm
