../Core/Src/main.c:66:6:tmc2209_readWriteArray	24	static
../Core/Src/main.c:79:9:tmc2209_CRC8	16	static
../Core/Src/main.c:84:13:periodicJob	16	static
../Core/Src/main.c:92:16:reset	8	static
../Core/Src/main.c:100:16:restore	8	static
../Core/Src/main.c:106:6:TMC2209_INIT	16	static
../Core/Src/main.c:124:5:main	8	static
../Core/Src/main.c:171:6:SystemClock_Config	96	static
../Core/Src/main.c:215:13:MX_USART1_UART_Init	8	static
../Core/Src/main.c:250:13:MX_USART2_UART_Init	8	static
../Core/Src/main.c:285:13:MX_GPIO_Init	16	static
../Core/Src/main.c:295:5:_write	24	static
../Core/Src/main.c:307:6:Error_Handler	4	static,ignoring_inline_asm
