main.c:83:6:Step	8	static
main.c:88:6:Dir	16	static
main.c:94:6:resetStepperInfo	16	static
main.c:106:6:resetStepper	16	static
main.c:118:6:prepareMovement	24	static
main.c:130:6:setNextInterruptInterval	24	static
main.c:153:6:HAL_TIM_OC_DelayElapsedCallback	32	static
main.c:202:6:runAndWait	8	static
main.c:213:5:main	8	static
main.c:269:6:SystemClock_Config	88	static
main.c:320:13:MX_TIM1_Init	112	static
main.c:399:13:MX_GPIO_Init	32	static
main.c:426:6:Error_Handler	4	static,ignoring_inline_asm
