21:36:31 **** Incremental Build of configuration Debug for project stm32_f303k8_can_odrive_test ****
make -j8 all 
arm-none-eabi-gcc "../Src/main.c" -mcpu=cortex-m4 -std=gnu11 -g3 -DUSE_HAL_DRIVER -DSTM32F303x8 -DDEBUG -c -I../Inc -I../Drivers/CMSIS/Include -I../Drivers/STM32F3xx_HAL_Driver/Inc -I../Drivers/STM32F3xx_HAL_Driver/Inc/Legacy -I../Drivers/CMSIS/Device/ST/STM32F3xx/Include -O0 -ffunction-sections -fdata-sections -Wall -fstack-usage -MMD -MP -MF"Src/main.d" -MT"Src/main.o" --specs=nano.specs -mfpu=fpv4-sp-d16 -mfloat-abi=hard -mthumb -o "Src/main.o"
../Src/main.c: In function 'main':
../Src/main.c:178:30: warning: pointer targets in passing argument 2 of 'HAL_UART_Transmit' differ in signedness [-Wpointer-sign]
    HAL_UART_Transmit(&huart2,tx_data,sizeof(tx_data),0xFFFF);
                              ^~~~~~~
In file included from ../Inc/stm32f3xx_hal_conf.h:320:0,
                 from ../Drivers/STM32F3xx_HAL_Driver/Inc/stm32f3xx_hal.h:46,
                 from ../Inc/main.h:31,
                 from ../Src/main.c:22:
../Drivers/STM32F3xx_HAL_Driver/Inc/stm32f3xx_hal_uart.h:1351:19: note: expected 'uint8_t * {aka unsigned char *}' but argument is of type 'char *'
 HAL_StatusTypeDef HAL_UART_Transmit(UART_HandleTypeDef *huart, uint8_t *pData, uint16_t Size, uint32_t Timeout);
                   ^~~~~~~~~~~~~~~~~
../Src/main.c:185:30: warning: pointer targets in passing argument 2 of 'HAL_UART_Transmit' differ in signedness [-Wpointer-sign]
    HAL_UART_Transmit(&huart2,tx_data,sizeof(tx_data),0xFFFF);
                              ^~~~~~~
In file included from ../Inc/stm32f3xx_hal_conf.h:320:0,
                 from ../Drivers/STM32F3xx_HAL_Driver/Inc/stm32f3xx_hal.h:46,
                 from ../Inc/main.h:31,
                 from ../Src/main.c:22:
../Drivers/STM32F3xx_HAL_Driver/Inc/stm32f3xx_hal_uart.h:1351:19: note: expected 'uint8_t * {aka unsigned char *}' but argument is of type 'char *'
 HAL_StatusTypeDef HAL_UART_Transmit(UART_HandleTypeDef *huart, uint8_t *pData, uint16_t Size, uint32_t Timeout);
                   ^~~~~~~~~~~~~~~~~
arm-none-eabi-gcc -o "stm32_f303k8_can_odrive_test.elf" @"objects.list"   -mcpu=cortex-m4 -T"C:\Users\kobay\Documents\GitHub\STM32_practice\stm32_f303k8_can_odrive_test\STM32F303K8TX_FLASH.ld" --specs=nosys.specs -Wl,-Map="stm32_f303k8_can_odrive_test.map" -Wl,--gc-sections -static --specs=nano.specs -mfpu=fpv4-sp-d16 -mfloat-abi=hard -mthumb -Wl,--start-group -lc -lm -Wl,--end-group
Finished building target: stm32_f303k8_can_odrive_test.elf
 
arm-none-eabi-objdump -h -S  stm32_f303k8_can_odrive_test.elf  > "stm32_f303k8_can_odrive_test.list"
arm-none-eabi-size   stm32_f303k8_can_odrive_test.elf 
   text	   data	    bss	    dec	    hex	filename
  15040	     36	   1836	  16912	   4210	stm32_f303k8_can_odrive_test.elf
Finished building: default.size.stdout
 
Finished building: stm32_f303k8_can_odrive_test.list
 

21:36:33 Build Finished. 0 errors, 2 warnings. (took 2s.656ms)

