19:47:54 **** Incremental Build of configuration Debug for project stm32_f446_usart2can ****
make -j3 all 
arm-none-eabi-gcc "../Src/main.c" -mcpu=cortex-m4 -std=gnu11 -g3 -DUSE_HAL_DRIVER -DSTM32F446xx -DDEBUG -c -I../Inc -I../Drivers/CMSIS/Include -I../Drivers/STM32F4xx_HAL_Driver/Inc -I../Drivers/CMSIS/Device/ST/STM32F4xx/Include -I../Drivers/STM32F4xx_HAL_Driver/Inc/Legacy -O0 -ffunction-sections -fdata-sections -Wall -fstack-usage -MMD -MP -MF"Src/main.d" -MT"Src/main.o" --specs=nano.specs -mfpu=fpv4-sp-d16 -mfloat-abi=hard -mthumb -o "Src/main.o"
arm-none-eabi-gcc -o "stm32_f446_usart2can.elf" @"objects.list"   -mcpu=cortex-m4 -T"/Users/rui/Documents/GitHub/STM32_practice/stm32_f446_usart2can/STM32F446RETX_FLASH.ld" --specs=nosys.specs -Wl,-Map="stm32_f446_usart2can.map" -Wl,--gc-sections -static --specs=nano.specs -mfpu=fpv4-sp-d16 -mfloat-abi=hard -mthumb -Wl,--start-group -lc -lm -Wl,--end-group
Finished building target: stm32_f446_usart2can.elf
 
arm-none-eabi-objdump -h -S  stm32_f446_usart2can.elf  > "stm32_f446_usart2can.list"
arm-none-eabi-size   stm32_f446_usart2can.elf 
   text	   data	    bss	    dec	    hex	filename
  17288	     36	   1980	  19304	   4b68	stm32_f446_usart2can.elf
Finished building: default.size.stdout
 
Finished building: stm32_f446_usart2can.list
 

19:47:55 Build Finished. 0 errors, 0 warnings. (took 758ms)

