22:28:08 **** Incremental Build of configuration Debug for project STM_746ZG_StepperControl ****
make -j3 all 
arm-none-eabi-gcc "../Core/Src/main.c" -mcpu=cortex-m7 -std=gnu11 -g3 -DDEBUG -DUSE_HAL_DRIVER -DSTM32F746xx -c -I../Core/Inc -I../Drivers/STM32F7xx_HAL_Driver/Inc -I../Drivers/STM32F7xx_HAL_Driver/Inc/Legacy -I../Drivers/CMSIS/Device/ST/STM32F7xx/Include -I../Drivers/CMSIS/Include -O0 -ffunction-sections -fdata-sections -Wall -fstack-usage -MMD -MP -MF"Core/Src/main.d" -MT"Core/Src/main.o" --specs=nano.specs -mfpu=fpv5-sp-d16 -mfloat-abi=hard -mthumb -o "Core/Src/main.o"
arm-none-eabi-gcc -o "STM_746ZG_StepperControl.elf" @"objects.list"   -mcpu=cortex-m7 -T"/Users/rui/Documents/GitHub/STM32_practice/STM_746ZG_StepperControl/STM32F746ZGTX_FLASH.ld" --specs=nosys.specs -Wl,-Map="STM_746ZG_StepperControl.map" -Wl,--gc-sections -static --specs=nano.specs -mfpu=fpv5-sp-d16 -mfloat-abi=hard -mthumb -Wl,--start-group -lc -lm -Wl,--end-group
Finished building target: STM_746ZG_StepperControl.elf
 
arm-none-eabi-objdump -h -S  STM_746ZG_StepperControl.elf  > "STM_746ZG_StepperControl.list"
arm-none-eabi-objcopy  -O binary  STM_746ZG_StepperControl.elf  "STM_746ZG_StepperControl.bin"
arm-none-eabi-size   STM_746ZG_StepperControl.elf 
   text	   data	    bss	    dec	    hex	filename
   5952	     20	   1572	   7544	   1d78	STM_746ZG_StepperControl.elf
Finished building: default.size.stdout
 
Finished building: STM_746ZG_StepperControl.bin
 
Finished building: STM_746ZG_StepperControl.list
 

22:28:09 Build Finished. 0 errors, 0 warnings. (took 1s.124ms)

